@00 00001000 00000001 // lli r0, 0x01
@02 00000000 01000001 // mov r0, r2
@04 00000000 00100001 // mov r0, r1
