@00 10000011 01111101 // beqz r3, 0x7D
@02 10001111 01111101 // bnez r7, 0x7D
@04 10010011 01111101 // bmi r3, 0x7D
@06 10011111 01111101 // bpl r7, 0x7D
@08 11000000 01111101 // j 0x7D
@0a 00000000 00000000 // nop
