@00 00100011 00000000 // addi r3, 0x00
@02 00100011 00000000 // addi r3, 0x00
@04 00100011 11111001 // addi r3, -0x07
@06 00100011 11110101 // addi r3, -0x0B
