@00 11000000 00000010 // j 0x02
@02 00000000 00000000 // nop
@04 00000000 00000000 // nop
