@00 00000000 00000000 // nop
@02 11000000 11111100 // j -0x04
@04 00000000 00000000 // nop
