@00 00000000 00000000 // nop
@02 00000000 00000000 // nop
@04 00000000 00000000 // nop
@06 00000000 00000000 // nop
@08 00000000 00000000 // nop
@0a 00000000 00000000 // nop
@0c 00000000 00000000 // nop
@0e 00000000 00000000 // nop
@10 00000000 00000000 // nop
@12 00000000 00000000 // nop
@14 00000000 00000000 // nop
@16 00000000 00000000 // nop
@18 00000000 00000000 // nop
@1a 00000000 00000000 // nop
@1c 00000000 00000000 // nop
@1e 00000000 00000000 // nop
@20 00000000 00000000 // nop
@22 00000000 00000000 // nop
@24 00000000 00000000 // nop
@26 00000000 00000000 // nop
@28 00000000 00000000 // nop
@2a 00000000 00000000 // nop
@2c 00000000 00000000 // nop
@2e 00000000 00000000 // nop
@30 00000000 00000000 // nop
@32 00000000 00000000 // nop
@34 00000000 00000000 // nop
@36 00000000 00000000 // nop
@38 00000000 00000000 // nop
@3a 00000000 00000000 // nop
@3c 00000000 00000000 // nop
@3e 00000000 00000000 // nop
@40 00000000 00000000 // nop
@42 00000000 00000000 // nop
@44 00000000 00000000 // nop
@46 00000000 00000000 // nop
@48 00000000 00000000 // nop
@4a 00000000 00000000 // nop
@4c 00000000 00000000 // nop
@4e 00000000 00000000 // nop
@50 00000000 00000000 // nop
@52 00000000 00000000 // nop
@54 00000000 00000000 // nop
@56 00000000 00000000 // nop
@58 00000000 00000000 // nop
@5a 00000000 00000000 // nop
@5c 00000000 00000000 // nop
@5e 00000000 00000000 // nop
@60 00000000 00000000 // nop
@62 00000000 00000000 // nop
@64 00000000 00000000 // nop
@66 00000000 00000000 // nop
@68 00000000 00000000 // nop
@6a 00000000 00000000 // nop
@6c 00000000 00000000 // nop
@6e 00000000 00000000 // nop
@70 00000000 00000000 // nop
@72 00000000 00000000 // nop
@74 00000000 00000000 // nop
@76 00000000 00000000 // nop
@78 00000000 00000000 // nop
@7a 11000000 00000110 // j 0x06
@7c 00000000 00000000 // nop
@7e 11000000 10000000 // j -0x80
@80 00000000 00000000 // nop
@82 00000000 00000000 // nop
@84 00000000 00000000 // nop
@86 00000000 00000000 // nop
@88 00000000 00000000 // nop
@8a 00000000 00000000 // nop
@8c 00000000 00000000 // nop
@8e 00000000 00000000 // nop
@90 00000000 00000000 // nop
@92 00000000 00000000 // nop
@94 00000000 00000000 // nop
@96 00000000 00000000 // nop
@98 00000000 00000000 // nop
@9a 00000000 00000000 // nop
@9c 00000000 00000000 // nop
@9e 00000000 00000000 // nop
@a0 00000000 00000000 // nop
@a2 00000000 00000000 // nop
@a4 00000000 00000000 // nop
@a6 00000000 00000000 // nop
@a8 00000000 00000000 // nop
@aa 00000000 00000000 // nop
@ac 00000000 00000000 // nop
@ae 00000000 00000000 // nop
@b0 00000000 00000000 // nop
@b2 00000000 00000000 // nop
@b4 00000000 00000000 // nop
@b6 00000000 00000000 // nop
@b8 00000000 00000000 // nop
@ba 00000000 00000000 // nop
@bc 00000000 00000000 // nop
@be 00000000 00000000 // nop
@c0 00000000 00000000 // nop
@c2 00000000 00000000 // nop
@c4 00000000 00000000 // nop
@c6 00000000 00000000 // nop
@c8 00000000 00000000 // nop
@ca 00000000 00000000 // nop
@cc 00000000 00000000 // nop
@ce 00000000 00000000 // nop
@d0 00000000 00000000 // nop
@d2 00000000 00000000 // nop
@d4 00000000 00000000 // nop
@d6 00000000 00000000 // nop
@d8 00000000 00000000 // nop
@da 00000000 00000000 // nop
@dc 00000000 00000000 // nop
@de 00000000 00000000 // nop
@e0 00000000 00000000 // nop
@e2 00000000 00000000 // nop
@e4 00000000 00000000 // nop
@e6 00000000 00000000 // nop
@e8 00000000 00000000 // nop
@ea 00000000 00000000 // nop
@ec 00000000 00000000 // nop
@ee 00000000 00000000 // nop
@f0 00000000 00000000 // nop
@f2 00000000 00000000 // nop
@f4 00000000 00000000 // nop
@f6 00000000 00000000 // nop
@f8 11000000 00000110 // j 0x06
@fa 00000000 00000000 // nop
@fc 11000000 10000000 // j -0x80
@fe 00000000 00000000 // nop
@100 00000000 00000000 // nop
@102 00000000 00000000 // nop
@104 00000000 00000000 // nop
@106 00000000 00000000 // nop
@108 00000000 00000000 // nop
@10a 00000000 00000000 // nop
@10c 00000000 00000000 // nop
@10e 00000000 00000000 // nop
@110 00000000 00000000 // nop
@112 00000000 00000000 // nop
@114 00000000 00000000 // nop
@116 00000000 00000000 // nop
@118 00000000 00000000 // nop
@11a 00000000 00000000 // nop
@11c 00000000 00000000 // nop
@11e 00000000 00000000 // nop
@120 00000000 00000000 // nop
@122 00000000 00000000 // nop
@124 00000000 00000000 // nop
@126 00000000 00000000 // nop
@128 00000000 00000000 // nop
@12a 00000000 00000000 // nop
@12c 00000000 00000000 // nop
@12e 00000000 00000000 // nop
@130 00000000 00000000 // nop
@132 00000000 00000000 // nop
@134 00000000 00000000 // nop
@136 00000000 00000000 // nop
@138 00000000 00000000 // nop
@13a 00000000 00000000 // nop
@13c 00000000 00000000 // nop
@13e 00000000 00000000 // nop
@140 00000000 00000000 // nop
@142 00000000 00000000 // nop
@144 00000000 00000000 // nop
@146 00000000 00000000 // nop
@148 00000000 00000000 // nop
@14a 00000000 00000000 // nop
@14c 00000000 00000000 // nop
@14e 00000000 00000000 // nop
@150 00000000 00000000 // nop
@152 00000000 00000000 // nop
@154 00000000 00000000 // nop
@156 00000000 00000000 // nop
@158 00000000 00000000 // nop
@15a 00000000 00000000 // nop
@15c 00000000 00000000 // nop
@15e 00000000 00000000 // nop
@160 00000000 00000000 // nop
@162 00000000 00000000 // nop
@164 00000000 00000000 // nop
@166 00000000 00000000 // nop
@168 00000000 00000000 // nop
@16a 00000000 00000000 // nop
@16c 00000000 00000000 // nop
@16e 00000000 00000000 // nop
@170 00000000 00000000 // nop
@172 00000000 00000000 // nop
@174 00000000 00000000 // nop
@176 00000000 00000000 // nop
@178 00000000 00000000 // nop
@17a 11000000 10000000 // j -0x80
@17c 00000000 00000000 // nop
