@00 00000011 10110000 // sw r3, (r5)
@02 00000001 11110001 // lw r1, (r7)
@04 00000011 10110010 // sbu r3, (r5)
@06 00000001 11110011 // lbu r1, (r7)
