@00 00000000 00000000 // nop
@02 11000000 11111110 // j -0x02
@04 00000000 00000000 // nop
