@00 00110000 00000000 // lui r0, 0x00
@02 01011000 00000011 // ori r0, 0x03
@04 00000000 00000000 // nop
