@00 11011110 10101101 // <raw data>
@02 10111110 11101111 // <raw data>
