@00 00000000 00000000 // nop
@02 00000011 10100001 // mov r3, r5
@04 00000001 11100010 // not r1, r7
@06 00000011 10100011 // xor r3, r5
@08 00000001 11100100 // add r1, r7
@0a 00000011 10100101 // sub r3, r5
@0c 00000001 11100110 // sl8 r1, r7
@0e 00000011 10100111 // sr8 r3, r5
@10 00000001 11101000 // sl r1, r7
@12 00000011 10101001 // sr r3, r5
@14 00000001 11101010 // and r1, r7
@16 00000011 10101011 // or r3, r5
