0xde
0xad
0xbe
0xef
0x38
0xe3
0x8b
0xd9
0x2b
0x67
0xad
0x00
0x00
0xbe
0xbd
0x5a
0x5f
0x77
0x82
0x08
0xba
0xeb
